// Jest Snapshot v1, https://goo.gl/fbAQLP

exports[`Tag should be render as element 1`] = `<div class="fect-tag">Test</div>`;
